<dokument dok_id="FU01CU1" dokument_url_text="http://data.riksdagen.se/dokument/FU01CU1/text" dokument_url_html="http://data.riksdagen.se/dokument/FU01CU1" dokumentstatus_url_xml="http://data.riksdagen.se/dokumentstatus/FU01CU1">
  <text datatyp="huvuddokument" hangar_id="2452776" rm="1971" beteckning="CU1" typ="bet" subtyp="bet" doktyp="bet" debattnamn="Debatt om förslag" organ="CU" nummer="1" slutnummer="0" datum="1971-12-31 00:00:00" systemdatum="2009-12-16 08:50:46" publicerad="2009-12-16 08:49:03" titel="Civilutskottets betänkande i anledning av Kungl. Maj:ts proposition angående utgifter på tilläggsstat II till riksstaten för budgetåret 1970/71 i vad avser anslag inom justitiedepartementets verksamhetsområde till centralnämnden för fastighetsdata" status="importerad" htmlformat="skanning2007" utskottsforslag_url_xml="http://data.riksdagen.se/utskottsforslag/FU01CU1">
    <p>Civilutskottetsbetänkanden nr 13 år 1971    CU 1971</p>
    <p>13</p>
    <p>Nrl</p>
    <p>Civilutskottetsbetänkande i anledning av Kungl. Maj:ts proposition angående utgifter påtilläggsstat II till riksstaten för budgetåret 1970/71 i vad avseranslag inom justitiedepartementets verksamhetsområde till centralnämnden förfastighetsdata.</p>
    <p>DRIFTBUDGETEN</p>
    <p>ANDRAHUVUDTITELN</p>
    <p>Centralnämnden för fastighetsdata. Utskottettillstyrker Kungl. Maj:ts i propositionen nr 2, bilaga 1, s. 4 framlagdaförslag (punkt 2 i utdrag av statsrådsprotokollet över justitieärenden för den4 januari 1971) och hemställer</p>
    <p>att riksdagen till Centralnämnden förfastighetsdata på tilläggsstat IItill riksstaten för budgetåret 1970/71anvisar ett reservationsanslag av 2 000 000 kr.</p>
    <p>Stockholmden 2 februari 1971</p>
    <p>Påcivilutskottets vägnar: ERIK GREBÄCK</p>
    <p>Närvarande:se under betänkandet nr 3.</p>
    <p>1   Riksdagen 1971.19 saml. Nr 13</p>
    <p>CU 1971:2</p>
    <p>Nr 2</p>
    <p>Civilutskottetsbetänkande i anledning av Kungl. Maj:ts proposition angående utgifter påtilläggsstat II till riksstaten för budgetåret 1970/71 i vad avseranslag på kapitalbudgeten inom inrikesdepartementets verksamhetsområde.</p>
    <p>KAPITALBUDGETEN</p>
    <p>STATENSUTLANINGSFONDER</p>
    <p>1. Lånefondenför bostadsbyggande. Kungl. Maj:t har i propositionen
nr 2, bilaga 6, s. 24 (punkt 3 i utdrag av statsrådsprotokollet över inrikes
ärenden för den 4 januari 1971) föreslagit riksdagen att till Lånefonden
för bostadsbyggande på tilläggsstat II till riksstaten för budgetåret 1970/
71 anvisa ett investeringsanslag av 1 060 000 000 kr.</p>
    <p>Utskottet. Vid behandlingen av motsvarande anslagpå riksstaten för innevarande budgetår förutsatte statsutskottet (SU 1970: 50,s. 22) att Kungl. Maj:t när erforderlig klarhet vunnits skulle lägga framförslag om anvisning av eventuellt erforderliga ytterligare medel.Civilutskottet har inte funnit anledning till erinran mot medelsberäkningen ochhemställer</p>
    <p>att riksdagen till Lånefonden för bostadsbyggandepå tilläggsstat II till riksstaten för budgetåret 1970/71 anvisar ettinvesteringsanslag av 1 060 000 000 kr.</p>
    <p>FONDENFÖR LÅNEUNDERSTÖD</p>
    <p>2. Räntefrialån till bostadsbyggande. Utskottet tillstyrker Kungl. Maj:ts
förslag (punkt 4, s. 2425) och hemställer</p>
    <p>att riksdagen till Räntefria lån tillbostadsbyggande på tilläggsstat II till riksstaten förbudgetåret 1970/71 anvisar ett investeringsanslag av 5 300 000 kr.</p>
    <p>Stockholmden 2 februari 1971</p>
    <p>Påcivilutskottets vägnar: ERIK GREBÄCK</p>
    <p>Närvarande:se under betänkandet nr 3.</p>
    <p>CU1971:3</p>
    <p>Nr 3</p>
    <p>Civilutskottetsbetänkande i anledning av Kungl. Majt:s proposition angående utgifter på tilläggsstatII till riksstaten för bugetåret 1970/71 i vad avser anslag inomcivildepartementets verksamhetsområde.</p>
    <p>DRIFTBUDGETEN</p>
    <p>TOLFTEHUVUDTITELN</p>
    <p>1. Kommittéerm.m. Utskottet tillstyrker Kungl. Maj:ts i propositionen
nr 2, bilaga 7, s. 27 framlagda förslag (punkt 1 i utdrag av statsrådspro
tokollet över civilärenden för den 4 januari 1971) och hemställer</p>
    <p>att riksdagen till Kommittéer m. m. på tilläggsstatII till riksstaten för budgetåret 1970/71 anvisar ettreservationsanslag av 900 000 kr.</p>
    <p>2. Extrautgifter. Utskottet tillstyrker Kungl. Majits förslag (punkt 2,
s. 28) och hemställer</p>
    <p>att riksdagen till Extra utgifter på tilläggsstat II tillriksstaten för budgetåret 1970/71 anvisar ett reservationsanslag av 50 000 kr.</p>
    <p>Stockholmden 2 februari 1971</p>
    <p>Påcivilutskottets vägnar: ERIK GREBÄCK</p>
    <p>Närvarande:herrar Grebäck (c), Bergman (s), Almgren (s), Tobé (fp), Kristiansson iörkelljunga (s), Petersson i Nybro (s), Lindkvist (s), Henrikson (s),Wennerfors (m). Högström (s), fru Olsson i Hölö (c), herrar Engström (vpk),Karlsson i Mariefred (c), Strömberg (fp) och Turesson (m).</p>
    <p>MARCJS aoKTR, STHLM lOT   710045</p>
  </text>
</dokument>
